// Jest Snapshot v1, https://goo.gl/fbAQLP

exports[`renders correctly 1`] = `
<View
  style={
    {
      "alignItems": "center",
      "backgroundColor": "#fff",
      "flex": 1,
      "justifyContent": "center",
    }
  }
>
  <View
    style={
      [
        {
          "flex": 1,
          "justifyContent": "center",
        },
        {
          "flexDirection": "row",
          "justifyContent": "space-around",
          "padding": 10,
        },
        {
          "backgroundColor": "#FFFFFF",
        },
      ]
    }
  >
    <ActivityIndicator
      color="#1976d2"
      size="large"
    />
  </View>
</View>
`;
